Archive member included because of file (symbol)

c:/program files/atmel/atmel toolchain/avr8 gcc/native/3.4.2.1002/avr8-gnu-toolchain/bin/../lib/gcc/avr/4.7.2/avr25\libgcc.a(_exit.o)
                              c:/program files/atmel/atmel toolchain/avr8 gcc/native/3.4.2.1002/avr8-gnu-toolchain/bin/../lib/gcc/avr/4.7.2/../../../../avr/lib/avr25/crttn461a.o (exit)
c:/program files/atmel/atmel toolchain/avr8 gcc/native/3.4.2.1002/avr8-gnu-toolchain/bin/../lib/gcc/avr/4.7.2/avr25\libgcc.a(_clear_bss.o)
                              charging_rough.o (__do_clear_bss)

Allocating common symbols
Common symbol       size              file

overvoltage_thresh_count
                    0x4               charging_rough.o
charging_mode       0x1               charging_rough.o

Discarded input sections

 .bss           0x00000000        0x0 c:/program files/atmel/atmel toolchain/avr8 gcc/native/3.4.2.1002/avr8-gnu-toolchain/bin/../lib/gcc/avr/4.7.2/../../../../avr/lib/avr25/crttn461a.o
 .text          0x00000000        0x0 adc.o
 .bss           0x00000000        0x0 adc.o
 .text.adc_read_iled
                0x00000000       0x18 adc.o
 .text          0x00000000        0x0 charging_rough.o
 .bss           0x00000000        0x0 charging_rough.o
 .text          0x00000000        0x0 debounce.o
 .bss           0x00000000        0x0 debounce.o
 .text.debounce_button
                0x00000000       0x7a debounce.o
 .text          0x00000000        0x0 lan_v3_newtest.o
 .bss           0x00000000        0x0 lan_v3_newtest.o
 .bss.light_on  0x00000000        0x2 lan_v3_newtest.o
 .bss.button_state
                0x00000000        0x2 lan_v3_newtest.o
 .bss.button_needs_debounce
                0x00000000        0x2 lan_v3_newtest.o
 .bss.adc_result
                0x00000000        0x2 lan_v3_newtest.o
 .bss.target_pwm
                0x00000000        0x2 lan_v3_newtest.o
 .text          0x00000000        0x0 c:/program files/atmel/atmel toolchain/avr8 gcc/native/3.4.2.1002/avr8-gnu-toolchain/bin/../lib/gcc/avr/4.7.2/avr25\libgcc.a(_exit.o)
 .bss           0x00000000        0x0 c:/program files/atmel/atmel toolchain/avr8 gcc/native/3.4.2.1002/avr8-gnu-toolchain/bin/../lib/gcc/avr/4.7.2/avr25\libgcc.a(_exit.o)
 .text.libgcc.mul
                0x00000000        0x0 c:/program files/atmel/atmel toolchain/avr8 gcc/native/3.4.2.1002/avr8-gnu-toolchain/bin/../lib/gcc/avr/4.7.2/avr25\libgcc.a(_exit.o)
 .text.libgcc.div
                0x00000000        0x0 c:/program files/atmel/atmel toolchain/avr8 gcc/native/3.4.2.1002/avr8-gnu-toolchain/bin/../lib/gcc/avr/4.7.2/avr25\libgcc.a(_exit.o)
 .text.libgcc   0x00000000        0x0 c:/program files/atmel/atmel toolchain/avr8 gcc/native/3.4.2.1002/avr8-gnu-toolchain/bin/../lib/gcc/avr/4.7.2/avr25\libgcc.a(_exit.o)
 .text.libgcc.prologue
                0x00000000        0x0 c:/program files/atmel/atmel toolchain/avr8 gcc/native/3.4.2.1002/avr8-gnu-toolchain/bin/../lib/gcc/avr/4.7.2/avr25\libgcc.a(_exit.o)
 .text.libgcc.builtins
                0x00000000        0x0 c:/program files/atmel/atmel toolchain/avr8 gcc/native/3.4.2.1002/avr8-gnu-toolchain/bin/../lib/gcc/avr/4.7.2/avr25\libgcc.a(_exit.o)
 .text.libgcc.fmul
                0x00000000        0x0 c:/program files/atmel/atmel toolchain/avr8 gcc/native/3.4.2.1002/avr8-gnu-toolchain/bin/../lib/gcc/avr/4.7.2/avr25\libgcc.a(_exit.o)
 .text          0x00000000        0x0 c:/program files/atmel/atmel toolchain/avr8 gcc/native/3.4.2.1002/avr8-gnu-toolchain/bin/../lib/gcc/avr/4.7.2/avr25\libgcc.a(_clear_bss.o)
 .bss           0x00000000        0x0 c:/program files/atmel/atmel toolchain/avr8 gcc/native/3.4.2.1002/avr8-gnu-toolchain/bin/../lib/gcc/avr/4.7.2/avr25\libgcc.a(_clear_bss.o)
 .text.libgcc.mul
                0x00000000        0x0 c:/program files/atmel/atmel toolchain/avr8 gcc/native/3.4.2.1002/avr8-gnu-toolchain/bin/../lib/gcc/avr/4.7.2/avr25\libgcc.a(_clear_bss.o)
 .text.libgcc.div
                0x00000000        0x0 c:/program files/atmel/atmel toolchain/avr8 gcc/native/3.4.2.1002/avr8-gnu-toolchain/bin/../lib/gcc/avr/4.7.2/avr25\libgcc.a(_clear_bss.o)
 .text.libgcc   0x00000000        0x0 c:/program files/atmel/atmel toolchain/avr8 gcc/native/3.4.2.1002/avr8-gnu-toolchain/bin/../lib/gcc/avr/4.7.2/avr25\libgcc.a(_clear_bss.o)
 .text.libgcc.prologue
                0x00000000        0x0 c:/program files/atmel/atmel toolchain/avr8 gcc/native/3.4.2.1002/avr8-gnu-toolchain/bin/../lib/gcc/avr/4.7.2/avr25\libgcc.a(_clear_bss.o)
 .text.libgcc.builtins
                0x00000000        0x0 c:/program files/atmel/atmel toolchain/avr8 gcc/native/3.4.2.1002/avr8-gnu-toolchain/bin/../lib/gcc/avr/4.7.2/avr25\libgcc.a(_clear_bss.o)
 .text.libgcc.fmul
                0x00000000        0x0 c:/program files/atmel/atmel toolchain/avr8 gcc/native/3.4.2.1002/avr8-gnu-toolchain/bin/../lib/gcc/avr/4.7.2/avr25\libgcc.a(_clear_bss.o)

Memory Configuration

Name             Origin             Length             Attributes
text             0x00000000         0x00002000         xr
data             0x00800060         0x0000ffa0         rw !x
eeprom           0x00810000         0x00010000         rw !x
fuse             0x00820000         0x00000400         rw !x
lock             0x00830000         0x00000400         rw !x
signature        0x00840000         0x00000400         rw !x
user_signatures  0x00850000         0x00000400         rw !x
*default*        0x00000000         0xffffffff

Linker script and memory map

LOAD c:/program files/atmel/atmel toolchain/avr8 gcc/native/3.4.2.1002/avr8-gnu-toolchain/bin/../lib/gcc/avr/4.7.2/../../../../avr/lib/avr25/crttn461a.o
LOAD adc.o
LOAD charging_rough.o
LOAD debounce.o
LOAD lan_v3_newtest.o
START GROUP
LOAD c:/program files/atmel/atmel toolchain/avr8 gcc/native/3.4.2.1002/avr8-gnu-toolchain/bin/../lib/gcc/avr/4.7.2/../../../../avr/lib/avr25\libm.a
END GROUP
LOAD c:/program files/atmel/atmel toolchain/avr8 gcc/native/3.4.2.1002/avr8-gnu-toolchain/bin/../lib/gcc/avr/4.7.2/avr25\libgcc.a
LOAD c:/program files/atmel/atmel toolchain/avr8 gcc/native/3.4.2.1002/avr8-gnu-toolchain/bin/../lib/gcc/avr/4.7.2/../../../../avr/lib/avr25\libc.a
LOAD c:/program files/atmel/atmel toolchain/avr8 gcc/native/3.4.2.1002/avr8-gnu-toolchain/bin/../lib/gcc/avr/4.7.2/avr25\libgcc.a

.hash
 *(.hash)

.dynsym
 *(.dynsym)

.dynstr
 *(.dynstr)

.gnu.version
 *(.gnu.version)

.gnu.version_d
 *(.gnu.version_d)

.gnu.version_r
 *(.gnu.version_r)

.rel.init
 *(.rel.init)

.rela.init
 *(.rela.init)

.rel.text
 *(.rel.text)
 *(.rel.text.*)
 *(.rel.gnu.linkonce.t*)

.rela.text
 *(.rela.text)
 *(.rela.text.*)
 *(.rela.gnu.linkonce.t*)

.rel.fini
 *(.rel.fini)

.rela.fini
 *(.rela.fini)

.rel.rodata
 *(.rel.rodata)
 *(.rel.rodata.*)
 *(.rel.gnu.linkonce.r*)

.rela.rodata
 *(.rela.rodata)
 *(.rela.rodata.*)
 *(.rela.gnu.linkonce.r*)

.rel.data
 *(.rel.data)
 *(.rel.data.*)
 *(.rel.gnu.linkonce.d*)

.rela.data
 *(.rela.data)
 *(.rela.data.*)
 *(.rela.gnu.linkonce.d*)

.rel.ctors
 *(.rel.ctors)

.rela.ctors
 *(.rela.ctors)

.rel.dtors
 *(.rel.dtors)

.rela.dtors
 *(.rela.dtors)

.rel.got
 *(.rel.got)

.rela.got
 *(.rela.got)

.rel.bss
 *(.rel.bss)

.rela.bss
 *(.rela.bss)

.rel.plt
 *(.rel.plt)

.rela.plt
 *(.rela.plt)

.text           0x00000000      0x640
 *(.vectors)
 .vectors       0x00000000       0x26 c:/program files/atmel/atmel toolchain/avr8 gcc/native/3.4.2.1002/avr8-gnu-toolchain/bin/../lib/gcc/avr/4.7.2/../../../../avr/lib/avr25/crttn461a.o
                0x00000000                __vector_default
                0x00000000                __vectors
 *(.vectors)
 *(.progmem.gcc*)
 *(.progmem*)
                0x00000026                . = ALIGN (0x2)
                0x00000026                __trampolines_start = .
 *(.trampolines)
 .trampolines   0x00000026        0x0 linker stubs
 *(.trampolines*)
                0x00000026                __trampolines_end = .
 *(.jumptables)
 *(.jumptables*)
 *(.lowtext)
 *(.lowtext*)
                0x00000026                __ctors_start = .
 *(.ctors)
                0x00000026                __ctors_end = .
                0x00000026                __dtors_start = .
 *(.dtors)
                0x00000026                __dtors_end = .
 SORT(*)(.ctors)
 SORT(*)(.dtors)
 *(.init0)
 .init0         0x00000026        0x0 c:/program files/atmel/atmel toolchain/avr8 gcc/native/3.4.2.1002/avr8-gnu-toolchain/bin/../lib/gcc/avr/4.7.2/../../../../avr/lib/avr25/crttn461a.o
                0x00000026                __init
 *(.init0)
 *(.init1)
 *(.init1)
 *(.init2)
 .init2         0x00000026        0xc c:/program files/atmel/atmel toolchain/avr8 gcc/native/3.4.2.1002/avr8-gnu-toolchain/bin/../lib/gcc/avr/4.7.2/../../../../avr/lib/avr25/crttn461a.o
 *(.init2)
 *(.init3)
 *(.init3)
 *(.init4)
 .init4         0x00000032       0x10 c:/program files/atmel/atmel toolchain/avr8 gcc/native/3.4.2.1002/avr8-gnu-toolchain/bin/../lib/gcc/avr/4.7.2/avr25\libgcc.a(_clear_bss.o)
                0x00000032                __do_clear_bss
 *(.init4)
 *(.init5)
 *(.init5)
 *(.init6)
 *(.init6)
 *(.init7)
 *(.init7)
 *(.init8)
 *(.init8)
 *(.init9)
 .init9         0x00000042        0x4 c:/program files/atmel/atmel toolchain/avr8 gcc/native/3.4.2.1002/avr8-gnu-toolchain/bin/../lib/gcc/avr/4.7.2/../../../../avr/lib/avr25/crttn461a.o
 *(.init9)
 *(.text)
 .text          0x00000046        0x2 c:/program files/atmel/atmel toolchain/avr8 gcc/native/3.4.2.1002/avr8-gnu-toolchain/bin/../lib/gcc/avr/4.7.2/../../../../avr/lib/avr25/crttn461a.o
                0x00000046                __vector_1
                0x00000046                __vector_12
                0x00000046                __bad_interrupt
                0x00000046                __vector_6
                0x00000046                __vector_3
                0x00000046                __vector_13
                0x00000046                __vector_17
                0x00000046                __vector_7
                0x00000046                __vector_5
                0x00000046                __vector_4
                0x00000046                __vector_9
                0x00000046                __vector_15
                0x00000046                __vector_8
                0x00000046                __vector_14
                0x00000046                __vector_10
                0x00000046                __vector_16
                0x00000046                __vector_18
                0x00000048                . = ALIGN (0x2)
 *(.text.*)
 .text.adc_read_vbatt
                0x00000048       0x18 adc.o
                0x00000048                adc_read_vbatt
 .text.adc_read_ibatt
                0x00000060       0x18 adc.o
                0x00000060                adc_read_ibatt
 .text.initialize_charge
                0x00000078       0x80 charging_rough.o
                0x00000078                initialize_charge
 .text.charge_battery
                0x000000f8      0x31c charging_rough.o
                0x000000f8                charge_battery
 .text.debounce_jack
                0x00000414       0x80 debounce.o
                0x00000414                debounce_jack
 .text.setup    0x00000494       0xe2 lan_v3_newtest.o
                0x00000494                setup
 .text.loop     0x00000576       0x66 lan_v3_newtest.o
                0x00000576                loop
 .text.main     0x000005dc        0x6 lan_v3_newtest.o
                0x000005dc                main
 .text.__vector_2
                0x000005e2       0x46 lan_v3_newtest.o
                0x000005e2                __vector_2
 .text.__vector_11
                0x00000628       0x14 lan_v3_newtest.o
                0x00000628                __vector_11
                0x0000063c                . = ALIGN (0x2)
 *(.fini9)
 .fini9         0x0000063c        0x0 c:/program files/atmel/atmel toolchain/avr8 gcc/native/3.4.2.1002/avr8-gnu-toolchain/bin/../lib/gcc/avr/4.7.2/avr25\libgcc.a(_exit.o)
                0x0000063c                _exit
                0x0000063c                exit
 *(.fini9)
 *(.fini8)
 *(.fini8)
 *(.fini7)
 *(.fini7)
 *(.fini6)
 *(.fini6)
 *(.fini5)
 *(.fini5)
 *(.fini4)
 *(.fini4)
 *(.fini3)
 *(.fini3)
 *(.fini2)
 *(.fini2)
 *(.fini1)
 *(.fini1)
 *(.fini0)
 .fini0         0x0000063c        0x4 c:/program files/atmel/atmel toolchain/avr8 gcc/native/3.4.2.1002/avr8-gnu-toolchain/bin/../lib/gcc/avr/4.7.2/avr25\libgcc.a(_exit.o)
 *(.fini0)
                0x00000640                _etext = .

.data           0x00800060        0x0 load address 0x00000640
                0x00800060                PROVIDE (__data_start, .)
 *(.data)
 .data          0x00800060        0x0 c:/program files/atmel/atmel toolchain/avr8 gcc/native/3.4.2.1002/avr8-gnu-toolchain/bin/../lib/gcc/avr/4.7.2/../../../../avr/lib/avr25/crttn461a.o
 .data          0x00800060        0x0 adc.o
 .data          0x00800060        0x0 charging_rough.o
 .data          0x00800060        0x0 debounce.o
 .data          0x00800060        0x0 lan_v3_newtest.o
 .data          0x00800060        0x0 c:/program files/atmel/atmel toolchain/avr8 gcc/native/3.4.2.1002/avr8-gnu-toolchain/bin/../lib/gcc/avr/4.7.2/avr25\libgcc.a(_exit.o)
 .data          0x00800060        0x0 c:/program files/atmel/atmel toolchain/avr8 gcc/native/3.4.2.1002/avr8-gnu-toolchain/bin/../lib/gcc/avr/4.7.2/avr25\libgcc.a(_clear_bss.o)
 *(.data*)
 *(.rodata)
 *(.rodata*)
 *(.gnu.linkonce.d*)
                0x00800060                . = ALIGN (0x2)
                0x00800060                _edata = .
                0x00800060                PROVIDE (__data_end, .)

.bss            0x00800060       0x22
                0x00800060                PROVIDE (__bss_start, .)
 *(.bss)
 *(.bss*)
 .bss.current_offset
                0x00800060        0x2 charging_rough.o
                0x00800060                current_offset
 .bss.go_back_bulk
                0x00800062        0x2 charging_rough.o
                0x00800062                go_back_bulk
 .bss.not_enough_volts
                0x00800064        0x4 charging_rough.o
                0x00800064                not_enough_volts
 .bss.trickle_charge
                0x00800068        0x4 charging_rough.o
                0x00800068                trickle_charge
 .bss.bulk_charge_reached
                0x0080006c        0x2 charging_rough.o
                0x0080006c                bulk_charge_reached
 .bss.enough_bulk_current_counter
                0x0080006e        0x4 charging_rough.o
                0x0080006e                enough_bulk_current_counter
 .bss.battery_current.1392
                0x00800072        0x2 charging_rough.o
 .bss.battery_voltage.1393
                0x00800074        0x2 charging_rough.o
 .bss.jack_pin  0x00800076        0x2 lan_v3_newtest.o
                0x00800076                jack_pin
 .bss.lantern_op_mode
                0x00800078        0x1 lan_v3_newtest.o
                0x00800078                lantern_op_mode
 .bss.jack_state
                0x00800079        0x2 lan_v3_newtest.o
                0x00800079                jack_state
 .bss.jack_needs_debounce
                0x0080007b        0x2 lan_v3_newtest.o
                0x0080007b                jack_needs_debounce
 *(COMMON)
 COMMON         0x0080007d        0x5 charging_rough.o
                0x0080007d                overvoltage_thresh_count
                0x00800081                charging_mode
                0x00800082                PROVIDE (__bss_end, .)
                0x00000640                __data_load_start = LOADADDR (.data)
                0x00000640                __data_load_end = (__data_load_start + SIZEOF (.data))

.noinit         0x00800082        0x0
                0x00800082                PROVIDE (__noinit_start, .)
 *(.noinit*)
                0x00800082                PROVIDE (__noinit_end, .)
                0x00800082                _end = .
                0x00800082                PROVIDE (__heap_start, .)

.eeprom         0x00810000        0x0
 *(.eeprom*)
                0x00810000                __eeprom_end = .

.fuse
 *(.fuse)
 *(.lfuse)
 *(.hfuse)
 *(.efuse)

.lock
 *(.lock*)

.signature
 *(.signature*)

.user_signatures
 *(.user_signatures*)

.stab           0x00000000      0x6cc
 *(.stab)
 .stab          0x00000000      0x6cc c:/program files/atmel/atmel toolchain/avr8 gcc/native/3.4.2.1002/avr8-gnu-toolchain/bin/../lib/gcc/avr/4.7.2/../../../../avr/lib/avr25/crttn461a.o

.stabstr        0x00000000       0x97
 *(.stabstr)
 .stabstr       0x00000000       0x97 c:/program files/atmel/atmel toolchain/avr8 gcc/native/3.4.2.1002/avr8-gnu-toolchain/bin/../lib/gcc/avr/4.7.2/../../../../avr/lib/avr25/crttn461a.o

.stab.excl
 *(.stab.excl)

.stab.exclstr
 *(.stab.exclstr)

.stab.index
 *(.stab.index)

.stab.indexstr
 *(.stab.indexstr)

.comment        0x00000000       0x2f
 *(.comment)
 .comment       0x00000000       0x2f adc.o
                                 0x30 (size before relaxing)
 .comment       0x00000000       0x30 charging_rough.o
 .comment       0x00000000       0x30 debounce.o
 .comment       0x00000000       0x30 lan_v3_newtest.o

.debug
 *(.debug)

.line
 *(.line)

.debug_srcinfo
 *(.debug_srcinfo)

.debug_sfnames
 *(.debug_sfnames)

.debug_aranges  0x00000000       0xc0
 *(.debug_aranges)
 .debug_aranges
                0x00000000       0x30 adc.o
 .debug_aranges
                0x00000030       0x28 charging_rough.o
 .debug_aranges
                0x00000058       0x28 debounce.o
 .debug_aranges
                0x00000080       0x40 lan_v3_newtest.o

.debug_pubnames
 *(.debug_pubnames)

.debug_info     0x00000000      0x589
 *(.debug_info)
 .debug_info    0x00000000       0xbb adc.o
 .debug_info    0x000000bb      0x1c8 charging_rough.o
 .debug_info    0x00000283       0xe8 debounce.o
 .debug_info    0x0000036b      0x21e lan_v3_newtest.o
 *(.gnu.linkonce.wi.*)

.debug_abbrev   0x00000000      0x297
 *(.debug_abbrev)
 .debug_abbrev  0x00000000       0x53 adc.o
 .debug_abbrev  0x00000053       0xbf charging_rough.o
 .debug_abbrev  0x00000112       0x85 debounce.o
 .debug_abbrev  0x00000197      0x100 lan_v3_newtest.o

.debug_line     0x00000000      0x4d4
 *(.debug_line)
 .debug_line    0x00000000       0xf3 adc.o
 .debug_line    0x000000f3      0x148 charging_rough.o
 .debug_line    0x0000023b      0x108 debounce.o
 .debug_line    0x00000343      0x191 lan_v3_newtest.o

.debug_frame    0x00000000      0x150
 *(.debug_frame)
 .debug_frame   0x00000000       0x44 adc.o
 .debug_frame   0x00000044       0x34 charging_rough.o
 .debug_frame   0x00000078       0x54 debounce.o
 .debug_frame   0x000000cc       0x84 lan_v3_newtest.o

.debug_str      0x00000000      0x361
 *(.debug_str)
 .debug_str     0x00000000       0xe7 adc.o
                                0x11b (size before relaxing)
 .debug_str     0x000000e7      0x12b charging_rough.o
                                0x22d (size before relaxing)
 .debug_str     0x00000212       0x5e debounce.o
                                0x142 (size before relaxing)
 .debug_str     0x00000270       0xf1 lan_v3_newtest.o
                                0x204 (size before relaxing)

.debug_loc      0x00000000      0x23c
 *(.debug_loc)
 .debug_loc     0x00000000      0x1a0 debounce.o
 .debug_loc     0x000001a0       0x9c lan_v3_newtest.o

.debug_macinfo
 *(.debug_macinfo)

.debug_pubtypes
 *(.debug_pubtypes)

.debug_ranges   0x00000000       0x80
 *(.debug_ranges)
 .debug_ranges  0x00000000       0x20 adc.o
 .debug_ranges  0x00000020       0x18 charging_rough.o
 .debug_ranges  0x00000038       0x18 debounce.o
 .debug_ranges  0x00000050       0x30 lan_v3_newtest.o

.debug_macro
 *(.debug_macro)
OUTPUT(lan_v3_newtest.elf elf32-avr)
LOAD linker stubs
